TAP version 13
# Subtest: http: rejects hosts outside the allowlist and non-https schemes
ok 1 - http: rejects hosts outside the allowlist and non-https schemes
  ---
  duration_ms: 61.895551
  type: 'test'
  ...
# Subtest: http: size cap is enforced on streamed bodies
ok 2 - http: size cap is enforced on streamed bodies
  ---
  duration_ms: 1.224984
  type: 'test'
  ...
# Subtest: http: ETag conditional requests serve cached body on 304
ok 3 - http: ETag conditional requests serve cached body on 304
  ---
  duration_ms: 1.701583
  type: 'test'
  ...
# Subtest: http: retries 5xx with backoff, gives up after maxRetries, opens circuit, serves stale within window
ok 4 - http: retries 5xx with backoff, gives up after maxRetries, opens circuit, serves stale within window
  ---
  duration_ms: 4.043649
  type: 'test'
  ...
# Subtest: http: 429 maps to RATE_LIMITED with retry-after and is not retried
ok 5 - http: 429 maps to RATE_LIMITED with retry-after and is not retried
  ---
  duration_ms: 1.103343
  type: 'test'
  ...
# Subtest: http: timeout and cancellation are classified
ok 6 - http: timeout and cancellation are classified
  ---
  duration_ms: 20.631066
  type: 'test'
  ...
# Subtest: http: identical concurrent requests are coalesced
ok 7 - http: identical concurrent requests are coalesced
  ---
  duration_ms: 0.899018
  type: 'test'
  ...
# Subtest: http: credential injected by key, never exposed in errors; offline fails fast
ok 8 - http: credential injected by key, never exposed in errors; offline fails fast
  ---
  duration_ms: 1.269263
  type: 'test'
  ...
# Subtest: logger redacts secrets in messages and fields
ok 9 - logger redacts secrets in messages and fields
  ---
  duration_ms: 3.137656
  type: 'test'
  ...
# Subtest: resilience primitives
ok 10 - resilience primitives
  ---
  duration_ms: 0.804495
  type: 'test'
  ...
# Subtest: duckdb-parquet: unavailable module surfaces a typed HistoryBackendUnavailableError (always runs)
ok 11 - duckdb-parquet: unavailable module surfaces a typed HistoryBackendUnavailableError (always runs)
  ---
  duration_ms: 6.097179
  type: 'test'
  ...
# Subtest: duckdb-parquet: conformance suite over Parquet partitions
ok 12 - duckdb-parquet: conformance suite over Parquet partitions # SKIP @duckdb/node-api not installed in this environment: Cannot find package '@duckdb/node-api' imported from /home/claude/worldview/packages/history-store/src/duckdb-backend.test.ts
  ---
  duration_ms: 0.179815
  type: 'test'
  ...
# Subtest: duckdb-parquet: staging rows are rolled on close and recovered on reopen
ok 13 - duckdb-parquet: staging rows are rolled on close and recovered on reopen # SKIP @duckdb/node-api not installed in this environment: Cannot find package '@duckdb/node-api' imported from /home/claude/worldview/packages/history-store/src/duckdb-backend.test.ts
  ---
  duration_ms: 0.104118
  type: 'test'
  ...
# Subtest: partition layout: keys, paths and round-trip parsing
ok 14 - partition layout: keys, paths and round-trip parsing
  ---
  duration_ms: 2.765379
  type: 'test'
  ...
# Subtest: ndjson backend: conformance suite (append, list, read, availability, objectsAt, track, counts, rewrite, delete)
ok 15 - ndjson backend: conformance suite (append, list, read, availability, objectsAt, track, counts, rewrite, delete)
  ---
  duration_ms: 67.864032
  type: 'test'
  ...
# Subtest: store: writes for two providers/types across three days; availability exact; objectsAt/lookback; track ordering; snapshot identity
ok 16 - store: writes for two providers/types across three days; availability exact; objectsAt/lookback; track ordering; snapshot identity
  ---
  duration_ms: 34.85301
  type: 'test'
  ...
# Subtest: store: policy enforcement — no normalized retention writes nothing, raw hash stripped, maxRetentionSeconds caps
ok 17 - store: policy enforcement — no normalized retention writes nothing, raw hash stripped, maxRetentionSeconds caps
  ---
  duration_ms: 26.173841
  type: 'test'
  ...
# Subtest: retention: tier selection and composable downsampling keep first/last and exact every-10th
ok 18 - retention: tier selection and composable downsampling keep first/last and exact every-10th
  ---
  duration_ms: 1.18204
  type: 'test'
  ...
# Subtest: store: retention sweep deletes expired partitions and downsamples aircraft in tiers while the index keeps original counts
ok 19 - store: retention sweep deletes expired partitions and downsamples aircraft in tiers while the index keeps original counts
  ---
  duration_ms: 20.547538
  type: 'test'
  ...
# Subtest: ndjson backend: malformed lines are counted and skipped, never fatal
ok 20 - ndjson backend: malformed lines are counted and skipped, never fatal
  ---
  duration_ms: 10.36712
  type: 'test'
  ...
# Subtest: ndjson backend: index rebuilt when index.json is missing and reconciled when files are ahead of it
ok 21 - ndjson backend: index rebuilt when index.json is missing and reconciled when files are ahead of it
  ---
  duration_ms: 11.424898
  type: 'test'
  ...
# Subtest: store: sweep never destroys partitions of a provider whose policy is unknown right now
ok 22 - store: sweep never destroys partitions of a provider whose policy is unknown right now
  ---
  duration_ms: 11.75074
  type: 'test'
  ...
# Subtest: store: bounded queue drops with a count and a log line when the backend is slow; writes never block
ok 23 - store: bounded queue drops with a count and a log line when the backend is slow; writes never block
  ---
  duration_ms: 4.826526
  type: 'test'
  ...
# Subtest: timeline controller: replay advances at 60x, auto-live at now, jump-to-live, availability from the store only
ok 24 - timeline controller: replay advances at 60x, auto-live at now, jump-to-live, availability from the store only
  ---
  duration_ms: 5.481051
  type: 'test'
  ...
# Subtest: createHistoryBackend: ndjson default; row → observation round trip
ok 25 - createHistoryBackend: ndjson default; row → observation round trip
  ---
  duration_ms: 1.539067
  type: 'test'
  ...
# Subtest: performance smoke: 20k rows write + query under 5 s (ndjson)
ok 26 - performance smoke: 20k rows write + query under 5 s (ndjson)
  ---
  duration_ms: 684.088035
  type: 'test'
  ...
# Subtest: failure: backend throws on append → store logs, counts failures, stays usable and recovers
ok 27 - failure: backend throws on append → store logs, counts failures, stays usable and recovers
  ---
  duration_ms: 22.946009
  type: 'test'
  ...
# Subtest: failure: retention sweep survives a partition that cannot be rewritten or deleted
ok 28 - failure: retention sweep survives a partition that cannot be rewritten or deleted
  ---
  duration_ms: 9.03907
  type: 'test'
  ...
# Subtest: failure: DuckDB backend absent → falls back to NDJSON with the reason recorded in diagnostics
ok 29 - failure: DuckDB backend absent → falls back to NDJSON with the reason recorded in diagnostics
  ---
  duration_ms: 7.860457
  type: 'test'
  ...
# Subtest: failure: real environment — DuckDB either loads or the fallback is recorded honestly
ok 30 - failure: real environment — DuckDB either loads or the fallback is recorded honestly
  ---
  duration_ms: 6.381317
  type: 'test'
  ...
# Subtest: integration: USGS → ProviderHost → WorldState (live, failure, offline, recovery)
ok 31 - integration: USGS → ProviderHost → WorldState (live, failure, offline, recovery)
  ---
  duration_ms: 71.031034
  type: 'test'
  ...
# Subtest: integration: a provider that throws in start() is isolated
ok 32 - integration: a provider that throws in start() is isolated
  ---
  duration_ms: 0.893991
  type: 'test'
  ...
# Subtest: integration: manifest validation refuses bad providers at registration
ok 33 - integration: manifest validation refuses bad providers at registration
  ---
  duration_ms: 1.182658
  type: 'test'
  ...
# Subtest: lod bands and zoom/altitude round trip
ok 34 - lod bands and zoom/altitude round trip
  ---
  duration_ms: 0.992796
  type: 'test'
  ...
# Subtest: presentation: aircraft aggregate to density at global zoom, icons when local, earthquakes sized by magnitude
ok 35 - presentation: aircraft aggregate to density at global zoom, icons when local, earthquakes sized by magnitude
  ---
  duration_ms: 3.308236
  type: 'test'
  ...
# Subtest: presentation: clustering at continental zoom and lens visibility
ok 36 - presentation: clustering at continental zoom and lens visibility
  ---
  duration_ms: 0.945713
  type: 'test'
  ...
# Subtest: diffFeatures emits only changes
ok 37 - diffFeatures emits only changes
  ---
  duration_ms: 1.585259
  type: 'test'
  ...
# Subtest: identity: authoritative joins and provider-scoped fallback
ok 38 - identity: authoritative joins and provider-scoped fallback
  ---
  duration_ms: 1.503312
  type: 'test'
  ...
# Subtest: spatial index: bbox, radius, nearest, region, antimeridian, density
ok 39 - spatial index: bbox, radius, nearest, region, antimeridian, density
  ---
  duration_ms: 3.119966
  type: 'test'
  ...
# Subtest: spatial index: 100k objects bbox query stays fast
ok 40 - spatial index: 100k objects bbox query stays fast
  ---
  duration_ms: 167.432482
  type: 'test'
  ...
# Subtest: state: ingest adds/updates/merges across providers and batches notifications
ok 41 - state: ingest adds/updates/merges across providers and batches notifications
  ---
  duration_ms: 2.648747
  type: 'test'
  ...
# Subtest: state: sweep reclassifies freshness and expires by type policy; spatial queries
ok 42 - state: sweep reclassifies freshness and expires by type policy; spatial queries
  ---
  duration_ms: 1.184309
  type: 'test'
  ...
# Subtest: haversine: Honolulu → Los Angeles ≈ 4,116 km
ok 43 - haversine: Honolulu → Los Angeles ≈ 4,116 km
  ---
  duration_ms: 1.15771
  type: 'test'
  ...
# Subtest: bounds: antimeridian-crossing containment and intersection
ok 44 - bounds: antimeridian-crossing containment and intersection
  ---
  duration_ms: 0.361921
  type: 'test'
  ...
# Subtest: circle bounds and region containment
ok 45 - circle bounds and region containment
  ---
  duration_ms: 0.351769
  type: 'test'
  ...
# Subtest: point in polygon
ok 46 - point in polygon
  ---
  duration_ms: 0.28907
  type: 'test'
  ...
# Subtest: freshness uses per-type policies, no global timeout
ok 47 - freshness uses per-type policies, no global timeout
  ---
  duration_ms: 0.231248
  type: 'test'
  ...
# Subtest: confidence is deterministic and classed
ok 48 - confidence is deterministic and classed
  ---
  duration_ms: 0.286309
  type: 'test'
  ...
# Subtest: identifiers are deterministic and never display names
ok 49 - identifiers are deterministic and never display names
  ---
  duration_ms: 1.971817
  type: 'test'
  ...
# Subtest: observation schema accepts a valid USGS-style observation and rejects malformed ones
ok 50 - observation schema accepts a valid USGS-style observation and rejects malformed ones
  ---
  duration_ms: 1.521228
  type: 'test'
  ...
# Subtest: world query schema
ok 51 - world query schema
  ---
  duration_ms: 2.650144
  type: 'test'
  ...
# Subtest: schema combinators: strict objects, unions, records
ok 52 - schema combinators: strict objects, unions, records
  ---
  duration_ms: 0.773244
  type: 'test'
  ...
# Subtest: time helpers
ok 53 - time helpers
  ---
  duration_ms: 0.631349
  type: 'test'
  ...
# Subtest: usgs provider passes the full contract checklist
ok 54 - usgs provider passes the full contract checklist
  ---
  duration_ms: 24.206133
  type: 'test'
  ...
1..54
# tests 54
# suites 0
# pass 52
# fail 0
# cancelled 0
# skipped 2
# todo 0
# duration_ms 4788.60771
