TAP version 13
# Subtest: adsb.lol provider passes the full contract checklist
ok 1 - adsb.lol provider passes the full contract checklist
  ---
  duration_ms: 25.017029
  type: 'test'
  ...
# Subtest: aisstream provider passes the contract checklist (HTTP-only checks skip for a subscription provider)
ok 2 - aisstream provider passes the contract checklist (HTTP-only checks skip for a subscription provider)
  ---
  duration_ms: 25.013025
  type: 'test'
  ...
# Subtest: cameras-local provider passes the contract checklist (local profile)
ok 3 - cameras-local provider passes the contract checklist (local profile)
  ---
  duration_ms: 10.475107
  type: 'test'
  ...
# Subtest: settings changes are reflected on the next poll; malformed settings never crash
ok 4 - settings changes are reflected on the next poll; malformed settings never crash
  ---
  duration_ms: 0.704528
  type: 'test'
  ...
# Subtest: public-cameras provider passes the full contract checklist
ok 5 - public-cameras provider passes the full contract checklist
  ---
  duration_ms: 22.606538
  type: 'test'
  ...
# Subtest: celestrak provider passes the full contract checklist
ok 6 - celestrak provider passes the full contract checklist
  ---
  duration_ms: 29.905481
  type: 'test'
  ...
# Subtest: nasa-firms provider passes the full contract checklist
ok 7 - nasa-firms provider passes the full contract checklist
  ---
  duration_ms: 23.462082
  type: 'test'
  ...
# Subtest: seed airports provider passes the contract checklist (network-only checks skip for a filesystem transport)
ok 8 - seed airports provider passes the contract checklist (network-only checks skip for a filesystem transport)
  ---
  duration_ms: 33.518382
  type: 'test'
  ...
# Subtest: readsb-local provider passes the contract checklist (Offline skipped: local-process keeps loopback access)
ok 9 - readsb-local provider passes the contract checklist (Offline skipped: local-process keeps loopback access)
  ---
  duration_ms: 19.99059
  type: 'test'
  ...
# Subtest: usgs provider passes the full contract checklist
ok 10 - usgs provider passes the full contract checklist
  ---
  duration_ms: 21.538605
  type: 'test'
  ...
# Subtest: nws-alerts provider passes the full contract checklist
ok 11 - nws-alerts provider passes the full contract checklist
  ---
  duration_ms: 24.220489
  type: 'test'
  ...
1..11
# tests 11
# suites 0
# pass 11
# fail 0
# cancelled 0
# skipped 0
# todo 0
# duration_ms 3536.804013
