TAP version 13
# Subtest: failure: backend throws on append → store logs, counts failures, stays usable and recovers
ok 1 - failure: backend throws on append → store logs, counts failures, stays usable and recovers
  ---
  duration_ms: 22.615712
  type: 'test'
  ...
# Subtest: failure: retention sweep survives a partition that cannot be rewritten or deleted
ok 2 - failure: retention sweep survives a partition that cannot be rewritten or deleted
  ---
  duration_ms: 14.414996
  type: 'test'
  ...
# Subtest: failure: DuckDB backend absent → falls back to NDJSON with the reason recorded in diagnostics
ok 3 - failure: DuckDB backend absent → falls back to NDJSON with the reason recorded in diagnostics
  ---
  duration_ms: 8.074608
  type: 'test'
  ...
# Subtest: failure: real environment — DuckDB either loads or the fallback is recorded honestly
ok 4 - failure: real environment — DuckDB either loads or the fallback is recorded honestly
  ---
  duration_ms: 6.959678
  type: 'test'
  ...
1..4
# tests 4
# suites 0
# pass 4
# fail 0
# cancelled 0
# skipped 0
# todo 0
# duration_ms 466.315697
