TAP version 13
# Subtest: integration: USGS → ProviderHost → WorldState (live, failure, offline, recovery)
ok 1 - integration: USGS → ProviderHost → WorldState (live, failure, offline, recovery)
  ---
  duration_ms: 64.399434
  type: 'test'
  ...
# Subtest: integration: a provider that throws in start() is isolated
ok 2 - integration: a provider that throws in start() is isolated
  ---
  duration_ms: 1.070373
  type: 'test'
  ...
# Subtest: integration: manifest validation refuses bad providers at registration
ok 3 - integration: manifest validation refuses bad providers at registration
  ---
  duration_ms: 0.954339
  type: 'test'
  ...
# Subtest: integration: one USGS poll reaches state, subscribers, history, events, the feed and source health
ok 4 - integration: one USGS poll reaches state, subscribers, history, events, the feed and source health
  ---
  duration_ms: 51.847345
  type: 'test'
  ...
# Subtest: the handler table covers REQUEST_CHANNELS exactly
ok 5 - the handler table covers REQUEST_CHANNELS exactly
  ---
  duration_ms: 23.285124
  type: 'test'
  ...
# Subtest: every channel answers a benign request in demo mode without throwing
ok 6 - every channel answers a benign request in demo mode without throwing
  ---
  duration_ms: 84.957783
  type: 'test'
  ...
# Subtest: demo mode serves recorded data only
ok 7 - demo mode serves recorded data only
  ---
  duration_ms: 27.036404
  type: 'test'
  ...
# Subtest: integration: REPLAY serves historical objects with honest freshness and availability
ok 8 - integration: REPLAY serves historical objects with honest freshness and availability
  ---
  duration_ms: 56.139899
  type: 'test'
  ...
1..8
# tests 8
# suites 0
# pass 8
# fail 0
# cancelled 0
# skipped 0
# todo 0
# duration_ms 2446.770832
